u:\documents\el_3034\g2d\debug\vc142.pdb
u:\documents\el_3034\g2d\debug\vc142.idb
u:\documents\el_3034\g2d\debug\v2.obj
u:\documents\el_3034\g2d\debug\glutimport.obj
u:\documents\el_3034\g2d\debug\g2dppm.obj
u:\documents\el_3034\g2d\debug\g2dx.obj
u:\documents\el_3034\g2d\debug\g2dmouse.obj
u:\documents\el_3034\g2d\debug\g2dkey.obj
u:\documents\el_3034\g2d\debug\eleve.obj
u:\documents\el_3034\g2d\debug\g2dmain.obj
u:\documents\el_3034\g2d\debug\g2dcolor.obj
u:\documents\el_3034\g2d\debug\g2d.exe
u:\documents\el_3034\g2d\debug\g2d.ilk
u:\documents\el_3034\g2d\debug\g2d.pdb
u:\documents\el_3034\g2d\debug\g2d.tlog\cl.command.1.tlog
u:\documents\el_3034\g2d\debug\g2d.tlog\cl.read.1.tlog
u:\documents\el_3034\g2d\debug\g2d.tlog\cl.write.1.tlog
u:\documents\el_3034\g2d\debug\g2d.tlog\link.command.1.tlog
u:\documents\el_3034\g2d\debug\g2d.tlog\link.read.1.tlog
u:\documents\el_3034\g2d\debug\g2d.tlog\link.write.1.tlog
